{"timestamp":"2026-06-11T01:37:58.437860Z","level":"info","event":"DAG bundles loaded: dags-folder, example_dags","logger":"airflow.dag_processing.bundles.manager.DagBundlesManager","filename":"manager.py","lineno":209}
{"timestamp":"2026-06-11T01:37:58.453852Z","level":"info","event":"Filling up the DagBag from /opt/airflow/dags/bronze_layer.py","logger":"airflow.dag_processing.dagbag.BundleDagBag","filename":"dagbag.py","lineno":469}
{"timestamp":"2026-06-11T01:37:59.146452Z","level":"info","event":"Task instance is in running state","logger":"task.stdout"}
{"timestamp":"2026-06-11T01:37:59.192490Z","level":"info","event":" Previous state of the Task instance: TaskInstanceState.QUEUED","logger":"task.stdout"}
{"timestamp":"2026-06-11T01:37:59.192707Z","level":"info","event":"Current task name:download_csv","logger":"task.stdout"}
{"timestamp":"2026-06-11T01:37:59.192871Z","level":"info","event":"Dag name:bronze_layer","logger":"task.stdout"}
{"timestamp":"2026-06-11T01:38:00.795334Z","level":"info","event":"Downloading file: CUST_AZ12.csv...","logger":"task.stdout"}
{"timestamp":"2026-06-11T01:38:00.809441Z","level":"info","event":"File 'CUST_AZ12.csv' downloaded successfully.","logger":"task.stdout"}
{"timestamp":"2026-06-11T01:38:02.175096Z","level":"info","event":"Downloading file: LOC_A101.csv...","logger":"task.stdout"}
{"timestamp":"2026-06-11T01:38:02.218220Z","level":"info","event":"File 'LOC_A101.csv' downloaded successfully.","logger":"task.stdout"}
{"timestamp":"2026-06-11T01:38:03.257923Z","level":"info","event":"Downloading file: PX_CAT_G1V2.csv...","logger":"task.stdout"}
{"timestamp":"2026-06-11T01:38:03.258343Z","level":"info","event":"File 'PX_CAT_G1V2.csv' downloaded successfully.","logger":"task.stdout"}
{"timestamp":"2026-06-11T01:38:03.261073Z","level":"info","event":"Done. Returned value was: None","logger":"airflow.task.operators.airflow.providers.standard.decorators.python._PythonDecoratedOperator","filename":"python.py","lineno":229}
{"timestamp":"2026-06-11T01:38:03.581823Z","level":"info","event":"Task instance in success state","logger":"task.stdout"}
{"timestamp":"2026-06-11T01:38:03.582047Z","level":"info","event":" Previous state of the Task instance: TaskInstanceState.RUNNING","logger":"task.stdout"}
{"timestamp":"2026-06-11T01:38:03.582170Z","level":"info","event":"Task operator:<Task(_PythonDecoratedOperator): download_csv>","logger":"task.stdout"}
{"timestamp":"2026-06-11T18:03:42.566900Z","level":"info","event":"DAG bundles loaded: dags-folder, example_dags","logger":"airflow.dag_processing.bundles.manager.DagBundlesManager","filename":"manager.py","lineno":209}
{"timestamp":"2026-06-11T18:03:42.748355Z","level":"info","event":"Filling up the DagBag from /opt/airflow/dags/bronze_layer.py","logger":"airflow.dag_processing.dagbag.BundleDagBag","filename":"dagbag.py","lineno":469}
{"timestamp":"2026-06-11T18:03:43.190997Z","level":"error","event":"Failed to import: /opt/airflow/dags/bronze_layer.py","logger":"airflow.dag_processing.importers.python_importer","filename":"python_importer.py","lineno":244,"error_detail":[{"exc_type":"SyntaxError","exc_value":"invalid syntax (bronze_layer.py, line 184)","exc_notes":[],"syntax_error":{"offset":69,"filename":"/opt/airflow/dags/bronze_layer.py","line":"    schemas_creation >> ddl_bronze_layer >> ddl_tmp_bronze_layer >> \n","lineno":184,"msg":"invalid syntax"},"is_cause":false,"frames":[{"filename":"/home/airflow/.local/lib/python3.13/site-packages/airflow/dag_processing/importers/python_importer.py","lineno":238,"name":"parse"},{"filename":"<frozen importlib._bootstrap_external>","lineno":1019,"name":"exec_module"},{"filename":"<frozen importlib._bootstrap_external>","lineno":1157,"name":"get_code"},{"filename":"<frozen importlib._bootstrap_external>","lineno":1087,"name":"source_to_code"},{"filename":"<frozen importlib._bootstrap>","lineno":488,"name":"_call_with_frames_removed"}],"is_group":false,"exceptions":[]}]}
{"timestamp":"2026-06-11T18:03:43.256404Z","level":"error","event":"Error loading DAG from bronze_layer.py: invalid syntax (bronze_layer.py, line 184)","logger":"airflow.dag_processing.dagbag.BundleDagBag","filename":"dagbag.py","lineno":327}
{"timestamp":"2026-06-11T18:03:43.258158Z","level":"error","event":"Dag not found during start up","dag_id":"bronze_layer","bundle":"BundleInfo(name='dags-folder', version=None)","path":"bronze_layer.py","logger":"task","filename":"task_runner.py","lineno":788}
{"timestamp":"2026-06-11T18:03:43.263362Z","level":"warning","event":"Rescheduling task during startup, marking task as UP_FOR_RESCHEDULE","logger":"task","filename":"task_runner.py","lineno":1862}
{"timestamp":"2026-06-11T18:12:22.390730Z","level":"info","event":"DAG bundles loaded: dags-folder, example_dags","logger":"airflow.dag_processing.bundles.manager.DagBundlesManager","filename":"manager.py","lineno":209}
{"timestamp":"2026-06-11T18:12:22.393980Z","level":"info","event":"Filling up the DagBag from /opt/airflow/dags/bronze_layer.py","logger":"airflow.dag_processing.dagbag.BundleDagBag","filename":"dagbag.py","lineno":469}
{"timestamp":"2026-06-11T18:12:22.848217Z","level":"info","event":"Task instance is in running state","logger":"task.stdout"}
{"timestamp":"2026-06-11T18:12:22.848633Z","level":"info","event":" Previous state of the Task instance: TaskInstanceState.QUEUED","logger":"task.stdout"}
{"timestamp":"2026-06-11T18:12:22.848894Z","level":"info","event":"Current task name:download_csv","logger":"task.stdout"}
{"timestamp":"2026-06-11T18:12:22.849120Z","level":"info","event":"Dag name:bronze_layer","logger":"task.stdout"}
{"timestamp":"2026-06-11T18:12:24.120190Z","level":"info","event":"Downloading file: CUST_AZ12.csv...","logger":"task.stdout"}
{"timestamp":"2026-06-11T18:12:24.127890Z","level":"info","event":"File 'CUST_AZ12.csv' downloaded successfully.","logger":"task.stdout"}
{"timestamp":"2026-06-11T18:12:25.076145Z","level":"info","event":"Downloading file: LOC_A101.csv...","logger":"task.stdout"}
{"timestamp":"2026-06-11T18:12:25.081338Z","level":"info","event":"File 'LOC_A101.csv' downloaded successfully.","logger":"task.stdout"}
{"timestamp":"2026-06-11T18:12:25.738461Z","level":"info","event":"Downloading file: PX_CAT_G1V2.csv...","logger":"task.stdout"}
{"timestamp":"2026-06-11T18:12:25.741360Z","level":"info","event":"File 'PX_CAT_G1V2.csv' downloaded successfully.","logger":"task.stdout"}
{"timestamp":"2026-06-11T18:12:25.748846Z","level":"info","event":"Done. Returned value was: None","logger":"airflow.task.operators.airflow.providers.standard.decorators.python._PythonDecoratedOperator","filename":"python.py","lineno":229}
{"timestamp":"2026-06-11T18:12:25.869024Z","level":"info","event":"Task instance in success state","logger":"task.stdout"}
{"timestamp":"2026-06-11T18:12:25.869389Z","level":"info","event":" Previous state of the Task instance: TaskInstanceState.RUNNING","logger":"task.stdout"}
{"timestamp":"2026-06-11T18:12:25.875754Z","level":"info","event":"Task operator:<Task(_PythonDecoratedOperator): download_csv>","logger":"task.stdout"}
{"timestamp":"2026-06-11T18:36:38.246535Z","level":"info","event":"DAG bundles loaded: dags-folder, example_dags","logger":"airflow.dag_processing.bundles.manager.DagBundlesManager","filename":"manager.py","lineno":209}
{"timestamp":"2026-06-11T18:36:38.286902Z","level":"info","event":"Filling up the DagBag from /opt/airflow/dags/bronze_layer.py","logger":"airflow.dag_processing.dagbag.BundleDagBag","filename":"dagbag.py","lineno":469}
{"timestamp":"2026-06-11T18:36:38.937654Z","level":"info","event":"Task instance is in running state","logger":"task.stdout"}
{"timestamp":"2026-06-11T18:36:38.938117Z","level":"info","event":" Previous state of the Task instance: TaskInstanceState.QUEUED","logger":"task.stdout"}
{"timestamp":"2026-06-11T18:36:38.938437Z","level":"info","event":"Current task name:download_csv","logger":"task.stdout"}
{"timestamp":"2026-06-11T18:36:38.938697Z","level":"info","event":"Dag name:bronze_layer","logger":"task.stdout"}
{"timestamp":"2026-06-11T18:36:40.561822Z","level":"info","event":"Downloading file: CUST_AZ12.csv...","logger":"task.stdout"}
{"timestamp":"2026-06-11T18:36:40.577434Z","level":"info","event":"File 'CUST_AZ12.csv' downloaded successfully.","logger":"task.stdout"}
{"timestamp":"2026-06-11T18:36:41.293109Z","level":"info","event":"Downloading file: LOC_A101.csv...","logger":"task.stdout"}
{"timestamp":"2026-06-11T18:36:41.309807Z","level":"info","event":"File 'LOC_A101.csv' downloaded successfully.","logger":"task.stdout"}
{"timestamp":"2026-06-11T18:36:42.145810Z","level":"info","event":"Downloading file: PX_CAT_G1V2.csv...","logger":"task.stdout"}
{"timestamp":"2026-06-11T18:36:42.147572Z","level":"info","event":"File 'PX_CAT_G1V2.csv' downloaded successfully.","logger":"task.stdout"}
{"timestamp":"2026-06-11T18:36:42.152564Z","level":"info","event":"Done. Returned value was: None","logger":"airflow.task.operators.airflow.providers.standard.decorators.python._PythonDecoratedOperator","filename":"python.py","lineno":229}
{"timestamp":"2026-06-11T18:36:42.235784Z","level":"info","event":"Task instance in success state","logger":"task.stdout"}
{"timestamp":"2026-06-11T18:36:42.237561Z","level":"info","event":" Previous state of the Task instance: TaskInstanceState.RUNNING","logger":"task.stdout"}
{"timestamp":"2026-06-11T18:36:42.241500Z","level":"info","event":"Task operator:<Task(_PythonDecoratedOperator): download_csv>","logger":"task.stdout"}
{"timestamp":"2026-06-11T18:43:12.661531Z","level":"info","event":"DAG bundles loaded: dags-folder, example_dags","logger":"airflow.dag_processing.bundles.manager.DagBundlesManager","filename":"manager.py","lineno":209}
{"timestamp":"2026-06-11T18:43:12.665888Z","level":"info","event":"Filling up the DagBag from /opt/airflow/dags/bronze_layer.py","logger":"airflow.dag_processing.dagbag.BundleDagBag","filename":"dagbag.py","lineno":469}
{"timestamp":"2026-06-11T18:43:13.135034Z","level":"info","event":"Task instance is in running state","logger":"task.stdout"}
{"timestamp":"2026-06-11T18:43:13.135651Z","level":"info","event":" Previous state of the Task instance: TaskInstanceState.QUEUED","logger":"task.stdout"}
{"timestamp":"2026-06-11T18:43:13.139342Z","level":"info","event":"Current task name:download_csv","logger":"task.stdout"}
{"timestamp":"2026-06-11T18:43:13.139630Z","level":"info","event":"Dag name:bronze_layer","logger":"task.stdout"}
{"timestamp":"2026-06-11T18:43:13.855466Z","level":"info","event":"Downloading file: CUST_AZ12.csv...","logger":"task.stdout"}
{"timestamp":"2026-06-11T18:43:13.868812Z","level":"info","event":"File 'CUST_AZ12.csv' downloaded successfully.","logger":"task.stdout"}
{"timestamp":"2026-06-11T18:43:14.740235Z","level":"info","event":"Downloading file: LOC_A101.csv...","logger":"task.stdout"}
{"timestamp":"2026-06-11T18:43:14.863634Z","level":"info","event":"File 'LOC_A101.csv' downloaded successfully.","logger":"task.stdout"}
{"timestamp":"2026-06-11T18:43:15.347325Z","level":"info","event":"Downloading file: PX_CAT_G1V2.csv...","logger":"task.stdout"}
{"timestamp":"2026-06-11T18:43:15.348193Z","level":"info","event":"File 'PX_CAT_G1V2.csv' downloaded successfully.","logger":"task.stdout"}
{"timestamp":"2026-06-11T18:43:15.356240Z","level":"info","event":"Done. Returned value was: None","logger":"airflow.task.operators.airflow.providers.standard.decorators.python._PythonDecoratedOperator","filename":"python.py","lineno":229}
{"timestamp":"2026-06-11T18:43:15.573192Z","level":"info","event":"Task instance in success state","logger":"task.stdout"}
{"timestamp":"2026-06-11T18:43:15.573652Z","level":"info","event":" Previous state of the Task instance: TaskInstanceState.RUNNING","logger":"task.stdout"}
{"timestamp":"2026-06-11T18:43:15.573932Z","level":"info","event":"Task operator:<Task(_PythonDecoratedOperator): download_csv>","logger":"task.stdout"}
{"timestamp":"2026-06-11T19:34:11.962500Z","level":"info","event":"DAG bundles loaded: dags-folder, example_dags","logger":"airflow.dag_processing.bundles.manager.DagBundlesManager","filename":"manager.py","lineno":209}
{"timestamp":"2026-06-11T19:34:11.966392Z","level":"info","event":"Filling up the DagBag from /opt/airflow/dags/bronze_layer.py","logger":"airflow.dag_processing.dagbag.BundleDagBag","filename":"dagbag.py","lineno":469}
{"timestamp":"2026-06-11T19:34:13.024690Z","level":"info","event":"Task instance is in running state","logger":"task.stdout"}
{"timestamp":"2026-06-11T19:34:13.024953Z","level":"info","event":" Previous state of the Task instance: TaskInstanceState.QUEUED","logger":"task.stdout"}
{"timestamp":"2026-06-11T19:34:13.025130Z","level":"info","event":"Current task name:download_csv","logger":"task.stdout"}
{"timestamp":"2026-06-11T19:34:13.025276Z","level":"info","event":"Dag name:bronze_layer","logger":"task.stdout"}
{"timestamp":"2026-06-11T19:34:14.253685Z","level":"info","event":"Downloading file: CUST_AZ12.csv...","logger":"task.stdout"}
{"timestamp":"2026-06-11T19:34:14.254122Z","level":"info","event":"File 'CUST_AZ12.csv' downloaded successfully.","logger":"task.stdout"}
{"timestamp":"2026-06-11T19:34:15.707522Z","level":"info","event":"Downloading file: LOC_A101.csv...","logger":"task.stdout"}
{"timestamp":"2026-06-11T19:34:15.812912Z","level":"info","event":"File 'LOC_A101.csv' downloaded successfully.","logger":"task.stdout"}
{"timestamp":"2026-06-11T19:34:16.418308Z","level":"info","event":"Downloading file: PX_CAT_G1V2.csv...","logger":"task.stdout"}
{"timestamp":"2026-06-11T19:34:16.418834Z","level":"info","event":"File 'PX_CAT_G1V2.csv' downloaded successfully.","logger":"task.stdout"}
{"timestamp":"2026-06-11T19:34:16.428558Z","level":"info","event":"Done. Returned value was: None","logger":"airflow.task.operators.airflow.providers.standard.decorators.python._PythonDecoratedOperator","filename":"python.py","lineno":229}
{"timestamp":"2026-06-11T19:34:16.583080Z","level":"info","event":"Task instance in success state","logger":"task.stdout"}
{"timestamp":"2026-06-11T19:34:16.583540Z","level":"info","event":" Previous state of the Task instance: TaskInstanceState.RUNNING","logger":"task.stdout"}
{"timestamp":"2026-06-11T19:34:16.584387Z","level":"info","event":"Task operator:<Task(_PythonDecoratedOperator): download_csv>","logger":"task.stdout"}
{"timestamp":"2026-06-11T19:36:04.650182Z","level":"info","event":"DAG bundles loaded: dags-folder, example_dags","logger":"airflow.dag_processing.bundles.manager.DagBundlesManager","filename":"manager.py","lineno":209}
{"timestamp":"2026-06-11T19:36:04.652147Z","level":"info","event":"Filling up the DagBag from /opt/airflow/dags/bronze_layer.py","logger":"airflow.dag_processing.dagbag.BundleDagBag","filename":"dagbag.py","lineno":469}
{"timestamp":"2026-06-11T19:36:05.228265Z","level":"info","event":"Task instance is in running state","logger":"task.stdout"}
{"timestamp":"2026-06-11T19:36:05.236908Z","level":"info","event":" Previous state of the Task instance: TaskInstanceState.QUEUED","logger":"task.stdout"}
{"timestamp":"2026-06-11T19:36:05.237326Z","level":"info","event":"Current task name:download_csv","logger":"task.stdout"}
{"timestamp":"2026-06-11T19:36:05.237629Z","level":"info","event":"Dag name:bronze_layer","logger":"task.stdout"}
{"timestamp":"2026-06-11T19:36:06.165787Z","level":"info","event":"Downloading file: CUST_AZ12.csv...","logger":"task.stdout"}
{"timestamp":"2026-06-11T19:36:06.174663Z","level":"info","event":"File 'CUST_AZ12.csv' downloaded successfully.","logger":"task.stdout"}
{"timestamp":"2026-06-11T19:36:06.786634Z","level":"info","event":"Downloading file: LOC_A101.csv...","logger":"task.stdout"}
{"timestamp":"2026-06-11T19:36:06.800433Z","level":"info","event":"File 'LOC_A101.csv' downloaded successfully.","logger":"task.stdout"}
{"timestamp":"2026-06-11T19:36:07.701715Z","level":"info","event":"Downloading file: PX_CAT_G1V2.csv...","logger":"task.stdout"}
{"timestamp":"2026-06-11T19:36:07.702081Z","level":"info","event":"File 'PX_CAT_G1V2.csv' downloaded successfully.","logger":"task.stdout"}
{"timestamp":"2026-06-11T19:36:07.703171Z","level":"info","event":"Done. Returned value was: None","logger":"airflow.task.operators.airflow.providers.standard.decorators.python._PythonDecoratedOperator","filename":"python.py","lineno":229}
{"timestamp":"2026-06-11T19:36:07.895202Z","level":"info","event":"Task instance in success state","logger":"task.stdout"}
{"timestamp":"2026-06-11T19:36:07.904837Z","level":"info","event":" Previous state of the Task instance: TaskInstanceState.RUNNING","logger":"task.stdout"}
{"timestamp":"2026-06-11T19:36:07.921486Z","level":"info","event":"Task operator:<Task(_PythonDecoratedOperator): download_csv>","logger":"task.stdout"}
{"timestamp":"2026-06-11T19:38:33.235358Z","level":"info","event":"DAG bundles loaded: dags-folder, example_dags","logger":"airflow.dag_processing.bundles.manager.DagBundlesManager","filename":"manager.py","lineno":209}
{"timestamp":"2026-06-11T19:38:33.243532Z","level":"info","event":"Filling up the DagBag from /opt/airflow/dags/bronze_layer.py","logger":"airflow.dag_processing.dagbag.BundleDagBag","filename":"dagbag.py","lineno":469}
{"timestamp":"2026-06-11T19:38:34.138335Z","level":"info","event":"Task instance is in running state","logger":"task.stdout"}
{"timestamp":"2026-06-11T19:38:34.144405Z","level":"info","event":" Previous state of the Task instance: TaskInstanceState.QUEUED","logger":"task.stdout"}
{"timestamp":"2026-06-11T19:38:34.156371Z","level":"info","event":"Current task name:download_csv","logger":"task.stdout"}
{"timestamp":"2026-06-11T19:38:34.156826Z","level":"info","event":"Dag name:bronze_layer","logger":"task.stdout"}
{"timestamp":"2026-06-11T19:38:36.425700Z","level":"info","event":"Downloading file: CUST_AZ12.csv...","logger":"task.stdout"}
{"timestamp":"2026-06-11T19:38:36.891400Z","level":"info","event":"File 'CUST_AZ12.csv' downloaded successfully.","logger":"task.stdout"}
{"timestamp":"2026-06-11T19:38:38.055123Z","level":"info","event":"Downloading file: LOC_A101.csv...","logger":"task.stdout"}
{"timestamp":"2026-06-11T19:38:38.069500Z","level":"info","event":"File 'LOC_A101.csv' downloaded successfully.","logger":"task.stdout"}
{"timestamp":"2026-06-11T19:38:40.438223Z","level":"info","event":"Downloading file: PX_CAT_G1V2.csv...","logger":"task.stdout"}
{"timestamp":"2026-06-11T19:38:40.468514Z","level":"info","event":"File 'PX_CAT_G1V2.csv' downloaded successfully.","logger":"task.stdout"}
{"timestamp":"2026-06-11T19:38:40.521413Z","level":"info","event":"Done. Returned value was: None","logger":"airflow.task.operators.airflow.providers.standard.decorators.python._PythonDecoratedOperator","filename":"python.py","lineno":229}
{"timestamp":"2026-06-11T19:38:40.802305Z","level":"info","event":"Task instance in success state","logger":"task.stdout"}
{"timestamp":"2026-06-11T19:38:40.802727Z","level":"info","event":" Previous state of the Task instance: TaskInstanceState.RUNNING","logger":"task.stdout"}
{"timestamp":"2026-06-11T19:38:40.803070Z","level":"info","event":"Task operator:<Task(_PythonDecoratedOperator): download_csv>","logger":"task.stdout"}
