{"timestamp":"2026-06-06T08:44:07.006519Z","level":"info","event":"DAG bundles loaded: dags-folder, example_dags","logger":"airflow.dag_processing.bundles.manager.DagBundlesManager","filename":"manager.py","lineno":209}
{"timestamp":"2026-06-06T08:44:07.012464Z","level":"info","event":"Filling up the DagBag from /opt/airflow/dags/bronze_layer.py","logger":"airflow.dag_processing.dagbag.BundleDagBag","filename":"dagbag.py","lineno":469}
{"timestamp":"2026-06-06T08:44:07.211334Z","level":"warning","event":"The `airflow.operators.python.PythonOperator` attribute is deprecated. Please use `'airflow.providers.standard.operators.python.PythonOperator'`.","category":"UserWarning","filename":"/opt/airflow/dags/bronze_layer.py","lineno":20,"logger":"py.warnings"}
{"timestamp":"2026-06-06T08:44:07.212338Z","level":"warning","event":"The `airflow.operators.python.BranchPythonOperator` attribute is deprecated. Please use `'airflow.providers.standard.operators.python.BranchPythonOperator'`.","category":"UserWarning","filename":"/opt/airflow/dags/bronze_layer.py","lineno":20,"logger":"py.warnings"}
{"timestamp":"2026-06-06T08:44:07.429851Z","level":"info","event":"Task instance is in running state","logger":"task.stdout"}
{"timestamp":"2026-06-06T08:44:07.430040Z","level":"info","event":" Previous state of the Task instance: TaskInstanceState.QUEUED","logger":"task.stdout"}
{"timestamp":"2026-06-06T08:44:07.430700Z","level":"info","event":"Current task name:ingestion_crm_source_tmp__2","logger":"task.stdout"}
{"timestamp":"2026-06-06T08:44:07.431038Z","level":"info","event":"Dag name:bronze_layer","logger":"task.stdout"}
{"timestamp":"2026-06-06T08:44:07.438124Z","level":"error","event":"Task failed with exception","logger":"task","filename":"task_runner.py","lineno":1347,"error_detail":[{"exc_type":"NameError","exc_value":"name '_ingesting_csv' is not defined","exc_notes":[],"syntax_error":null,"is_cause":false,"frames":[{"filename":"/home/airflow/.local/lib/python3.13/site-packages/airflow/sdk/execution_time/task_runner.py","lineno":1263,"name":"run"},{"filename":"/home/airflow/.local/lib/python3.13/site-packages/airflow/sdk/execution_time/task_runner.py","lineno":1678,"name":"_execute_task"},{"filename":"/home/airflow/.local/lib/python3.13/site-packages/airflow/sdk/bases/operator.py","lineno":443,"name":"wrapper"},{"filename":"/home/airflow/.local/lib/python3.13/site-packages/airflow/sdk/bases/decorator.py","lineno":398,"name":"execute"},{"filename":"/home/airflow/.local/lib/python3.13/site-packages/airflow/sdk/bases/operator.py","lineno":443,"name":"wrapper"},{"filename":"/home/airflow/.local/lib/python3.13/site-packages/airflow/providers/standard/operators/python.py","lineno":227,"name":"execute"},{"filename":"/home/airflow/.local/lib/python3.13/site-packages/airflow/providers/standard/operators/python.py","lineno":250,"name":"execute_callable"},{"filename":"/home/airflow/.local/lib/python3.13/site-packages/airflow/sdk/execution_time/callback_runner.py","lineno":97,"name":"run"},{"filename":"/opt/airflow/dags/bronze_layer.py","lineno":62,"name":"ingestion_crm_source"}],"is_group":false,"exceptions":[]}]}
{"timestamp":"2026-06-06T08:44:07.460001Z","level":"info","event":"Task instance in failure state","logger":"task.stdout"}
{"timestamp":"2026-06-06T08:44:07.460372Z","level":"info","event":"Task start","logger":"task.stdout"}
{"timestamp":"2026-06-06T08:44:07.460789Z","level":"info","event":"Task:<Task(_PythonDecoratedOperator): ingestion_crm_source_tmp__2>","logger":"task.stdout"}
{"timestamp":"2026-06-06T08:44:07.461107Z","level":"info","event":"Failure caused by name '_ingesting_csv' is not defined","logger":"task.stdout"}
{"timestamp":"2026-06-06T14:13:25.654146Z","level":"info","event":"DAG bundles loaded: dags-folder, example_dags","logger":"airflow.dag_processing.bundles.manager.DagBundlesManager","filename":"manager.py","lineno":209}
{"timestamp":"2026-06-06T14:13:25.665706Z","level":"info","event":"Filling up the DagBag from /opt/airflow/dags/bronze_layer.py","logger":"airflow.dag_processing.dagbag.BundleDagBag","filename":"dagbag.py","lineno":469}
{"timestamp":"2026-06-06T14:13:26.460637Z","level":"info","event":"Task instance is in running state","logger":"task.stdout"}
{"timestamp":"2026-06-06T14:13:26.461017Z","level":"info","event":" Previous state of the Task instance: TaskInstanceState.QUEUED","logger":"task.stdout"}
{"timestamp":"2026-06-06T14:13:26.461326Z","level":"info","event":"Current task name:ingestion_crm_source_tmp__2","logger":"task.stdout"}
{"timestamp":"2026-06-06T14:13:26.461546Z","level":"info","event":"Dag name:bronze_layer","logger":"task.stdout"}
{"timestamp":"2026-06-06T14:13:26.752421Z","level":"info","event":"Starting ingestion of prd_info.csv into bronze.crm_prd_info_tmp...","logger":"task.stdout"}
{"timestamp":"2026-06-06T14:13:26.807198Z","level":"info","event":"Ingestion of prd_info.csv into bronze.crm_prd_info_tmp completed successfully.","logger":"task.stdout"}
{"timestamp":"2026-06-06T14:13:26.810002Z","level":"info","event":"Done. Returned value was: None","logger":"airflow.task.operators.airflow.providers.standard.decorators.python._PythonDecoratedOperator","filename":"python.py","lineno":229}
{"timestamp":"2026-06-06T14:13:26.988508Z","level":"info","event":"Task instance in success state","logger":"task.stdout"}
{"timestamp":"2026-06-06T14:13:26.991432Z","level":"info","event":" Previous state of the Task instance: TaskInstanceState.RUNNING","logger":"task.stdout"}
{"timestamp":"2026-06-06T14:13:26.991850Z","level":"info","event":"Task operator:<Task(_PythonDecoratedOperator): ingestion_crm_source_tmp__2>","logger":"task.stdout"}
