{"timestamp":"2026-06-11T01:35:57.605991Z","level":"info","event":"DAG bundles loaded: dags-folder, example_dags","logger":"airflow.dag_processing.bundles.manager.DagBundlesManager","filename":"manager.py","lineno":209}
{"timestamp":"2026-06-11T01:35:57.623133Z","level":"info","event":"Filling up the DagBag from /opt/airflow/dags/bronze_layer.py","logger":"airflow.dag_processing.dagbag.BundleDagBag","filename":"dagbag.py","lineno":469}
{"timestamp":"2026-06-11T01:36:01.234759Z","level":"info","event":"Task instance is in running state","logger":"task.stdout"}
{"timestamp":"2026-06-11T01:36:01.235055Z","level":"info","event":" Previous state of the Task instance: TaskInstanceState.QUEUED","logger":"task.stdout"}
{"timestamp":"2026-06-11T01:36:01.235201Z","level":"info","event":"Current task name:schemas_creation","logger":"task.stdout"}
{"timestamp":"2026-06-11T01:36:01.235327Z","level":"info","event":"Dag name:bronze_layer","logger":"task.stdout"}
{"timestamp":"2026-06-11T01:36:00.706161Z","level":"info","event":"Executing: CREATE SCHEMA IF NOT EXISTS bronze;\nCREATE SCHEMA IF NOT EXISTS silver;\nCREATE SCHEMA IF NOT EXISTS gold;","logger":"airflow.task.operators.airflow.providers.common.sql.operators.sql.SQLExecuteQueryOperator","filename":"sql.py","lineno":410}
{"timestamp":"2026-06-11T01:36:02.256108Z","level":"info","event":"Running statement: CREATE SCHEMA IF NOT EXISTS bronze;\nCREATE SCHEMA IF NOT EXISTS silver;\nCREATE SCHEMA IF NOT EXISTS gold;, parameters: None","logger":"airflow.task.hooks.airflow.providers.postgres.hooks.postgres.PostgresHook","filename":"sql.py","lineno":861}
{"timestamp":"2026-06-11T01:36:15.881919Z","level":"info","event":"Task instance in success state","logger":"task.stdout"}
{"timestamp":"2026-06-11T01:36:15.882188Z","level":"info","event":" Previous state of the Task instance: TaskInstanceState.RUNNING","logger":"task.stdout"}
{"timestamp":"2026-06-11T01:36:15.882379Z","level":"info","event":"Task operator:<Task(SQLExecuteQueryOperator): schemas_creation>","logger":"task.stdout"}
{"timestamp":"2026-06-11T18:03:42.254826Z","level":"info","event":"DAG bundles loaded: dags-folder, example_dags","logger":"airflow.dag_processing.bundles.manager.DagBundlesManager","filename":"manager.py","lineno":209}
{"timestamp":"2026-06-11T18:03:42.272322Z","level":"info","event":"Filling up the DagBag from /opt/airflow/dags/bronze_layer.py","logger":"airflow.dag_processing.dagbag.BundleDagBag","filename":"dagbag.py","lineno":469}
{"timestamp":"2026-06-11T18:03:42.719098Z","level":"error","event":"Failed to import: /opt/airflow/dags/bronze_layer.py","logger":"airflow.dag_processing.importers.python_importer","filename":"python_importer.py","lineno":244,"error_detail":[{"exc_type":"SyntaxError","exc_value":"invalid syntax (bronze_layer.py, line 184)","exc_notes":[],"syntax_error":{"offset":69,"filename":"/opt/airflow/dags/bronze_layer.py","line":"    schemas_creation >> ddl_bronze_layer >> ddl_tmp_bronze_layer >> \n","lineno":184,"msg":"invalid syntax"},"is_cause":false,"frames":[{"filename":"/home/airflow/.local/lib/python3.13/site-packages/airflow/dag_processing/importers/python_importer.py","lineno":238,"name":"parse"},{"filename":"<frozen importlib._bootstrap_external>","lineno":1019,"name":"exec_module"},{"filename":"<frozen importlib._bootstrap_external>","lineno":1157,"name":"get_code"},{"filename":"<frozen importlib._bootstrap_external>","lineno":1087,"name":"source_to_code"},{"filename":"<frozen importlib._bootstrap>","lineno":488,"name":"_call_with_frames_removed"}],"is_group":false,"exceptions":[]}]}
{"timestamp":"2026-06-11T18:03:42.722223Z","level":"error","event":"Error loading DAG from bronze_layer.py: invalid syntax (bronze_layer.py, line 184)","logger":"airflow.dag_processing.dagbag.BundleDagBag","filename":"dagbag.py","lineno":327}
{"timestamp":"2026-06-11T18:03:42.777711Z","level":"error","event":"Dag not found during start up","dag_id":"bronze_layer","bundle":"BundleInfo(name='dags-folder', version=None)","path":"bronze_layer.py","logger":"task","filename":"task_runner.py","lineno":788}
{"timestamp":"2026-06-11T18:03:42.831833Z","level":"warning","event":"Rescheduling task during startup, marking task as UP_FOR_RESCHEDULE","logger":"task","filename":"task_runner.py","lineno":1862}
{"timestamp":"2026-06-11T18:12:17.917969Z","level":"info","event":"DAG bundles loaded: dags-folder, example_dags","logger":"airflow.dag_processing.bundles.manager.DagBundlesManager","filename":"manager.py","lineno":209}
{"timestamp":"2026-06-11T18:12:17.921196Z","level":"info","event":"Filling up the DagBag from /opt/airflow/dags/bronze_layer.py","logger":"airflow.dag_processing.dagbag.BundleDagBag","filename":"dagbag.py","lineno":469}
{"timestamp":"2026-06-11T18:12:21.390351Z","level":"info","event":"Task instance is in running state","logger":"task.stdout"}
{"timestamp":"2026-06-11T18:12:21.390624Z","level":"info","event":" Previous state of the Task instance: TaskInstanceState.QUEUED","logger":"task.stdout"}
{"timestamp":"2026-06-11T18:12:21.390800Z","level":"info","event":"Current task name:schemas_creation","logger":"task.stdout"}
{"timestamp":"2026-06-11T18:12:21.391086Z","level":"info","event":"Dag name:bronze_layer","logger":"task.stdout"}
{"timestamp":"2026-06-11T18:12:21.387141Z","level":"info","event":"Executing: CREATE SCHEMA IF NOT EXISTS bronze;\nCREATE SCHEMA IF NOT EXISTS silver;\nCREATE SCHEMA IF NOT EXISTS gold;","logger":"airflow.task.operators.airflow.providers.common.sql.operators.sql.SQLExecuteQueryOperator","filename":"sql.py","lineno":410}
{"timestamp":"2026-06-11T18:12:21.644414Z","level":"error","event":"Task failed with exception","logger":"task","filename":"task_runner.py","lineno":1325,"error_detail":[{"exc_type":"AirflowNotFoundException","exc_value":"The conn_id `dwh_postgres_conn` isn't defined","exc_notes":[],"syntax_error":null,"is_cause":false,"frames":[{"filename":"/home/airflow/.local/lib/python3.13/site-packages/airflow/sdk/execution_time/task_runner.py","lineno":1263,"name":"run"},{"filename":"/home/airflow/.local/lib/python3.13/site-packages/airflow/sdk/execution_time/task_runner.py","lineno":1678,"name":"_execute_task"},{"filename":"/home/airflow/.local/lib/python3.13/site-packages/airflow/sdk/bases/operator.py","lineno":443,"name":"wrapper"},{"filename":"/home/airflow/.local/lib/python3.13/site-packages/airflow/providers/common/sql/operators/sql.py","lineno":411,"name":"execute"},{"filename":"/home/airflow/.local/lib/python3.13/site-packages/airflow/providers/common/sql/operators/sql.py","lineno":207,"name":"get_db_hook"},{"filename":"/usr/python/lib/python3.13/functools.py","lineno":1025,"name":"__get__"},{"filename":"/home/airflow/.local/lib/python3.13/site-packages/airflow/providers/common/sql/operators/sql.py","lineno":183,"name":"_hook"},{"filename":"/home/airflow/.local/lib/python3.13/site-packages/airflow/providers/common/sql/operators/sql.py","lineno":171,"name":"get_hook"},{"filename":"/home/airflow/.local/lib/python3.13/site-packages/airflow/sdk/bases/hook.py","lineno":61,"name":"get_connection"},{"filename":"/home/airflow/.local/lib/python3.13/site-packages/airflow/sdk/definitions/connection.py","lineno":250,"name":"get"},{"filename":"/home/airflow/.local/lib/python3.13/site-packages/airflow/sdk/execution_time/context.py","lineno":177,"name":"_get_connection"}],"is_group":false,"exceptions":[]}]}
{"timestamp":"2026-06-11T18:12:21.662821Z","level":"info","event":"Task instance in failure state","logger":"task.stdout"}
{"timestamp":"2026-06-11T18:12:21.663319Z","level":"info","event":"Task start","logger":"task.stdout"}
{"timestamp":"2026-06-11T18:12:21.663635Z","level":"info","event":"Task:<Task(SQLExecuteQueryOperator): schemas_creation>","logger":"task.stdout"}
{"timestamp":"2026-06-11T18:12:21.663970Z","level":"info","event":"Failure caused by The conn_id `dwh_postgres_conn` isn't defined","logger":"task.stdout"}
{"timestamp":"2026-06-11T18:36:42.329194Z","level":"info","event":"DAG bundles loaded: dags-folder, example_dags","logger":"airflow.dag_processing.bundles.manager.DagBundlesManager","filename":"manager.py","lineno":209}
{"timestamp":"2026-06-11T18:36:42.334310Z","level":"info","event":"Filling up the DagBag from /opt/airflow/dags/bronze_layer.py","logger":"airflow.dag_processing.dagbag.BundleDagBag","filename":"dagbag.py","lineno":469}
{"timestamp":"2026-06-11T18:36:42.739515Z","level":"info","event":"Task instance is in running state","logger":"task.stdout"}
{"timestamp":"2026-06-11T18:36:42.739931Z","level":"info","event":" Previous state of the Task instance: TaskInstanceState.QUEUED","logger":"task.stdout"}
{"timestamp":"2026-06-11T18:36:42.740110Z","level":"info","event":"Current task name:schemas_creation","logger":"task.stdout"}
{"timestamp":"2026-06-11T18:36:42.740228Z","level":"info","event":"Dag name:bronze_layer","logger":"task.stdout"}
{"timestamp":"2026-06-11T18:36:42.742401Z","level":"info","event":"Executing: CREATE SCHEMA IF NOT EXISTS bronze;\nCREATE SCHEMA IF NOT EXISTS silver;\nCREATE SCHEMA IF NOT EXISTS gold;","logger":"airflow.task.operators.airflow.providers.common.sql.operators.sql.SQLExecuteQueryOperator","filename":"sql.py","lineno":410}
{"timestamp":"2026-06-11T18:36:42.811911Z","level":"error","event":"Task failed with exception","logger":"task","filename":"task_runner.py","lineno":1325,"error_detail":[{"exc_type":"AirflowNotFoundException","exc_value":"The conn_id `dwh_postgres_conn` isn't defined","exc_notes":[],"syntax_error":null,"is_cause":false,"frames":[{"filename":"/home/airflow/.local/lib/python3.13/site-packages/airflow/sdk/execution_time/task_runner.py","lineno":1263,"name":"run"},{"filename":"/home/airflow/.local/lib/python3.13/site-packages/airflow/sdk/execution_time/task_runner.py","lineno":1678,"name":"_execute_task"},{"filename":"/home/airflow/.local/lib/python3.13/site-packages/airflow/sdk/bases/operator.py","lineno":443,"name":"wrapper"},{"filename":"/home/airflow/.local/lib/python3.13/site-packages/airflow/providers/common/sql/operators/sql.py","lineno":411,"name":"execute"},{"filename":"/home/airflow/.local/lib/python3.13/site-packages/airflow/providers/common/sql/operators/sql.py","lineno":207,"name":"get_db_hook"},{"filename":"/usr/python/lib/python3.13/functools.py","lineno":1025,"name":"__get__"},{"filename":"/home/airflow/.local/lib/python3.13/site-packages/airflow/providers/common/sql/operators/sql.py","lineno":183,"name":"_hook"},{"filename":"/home/airflow/.local/lib/python3.13/site-packages/airflow/providers/common/sql/operators/sql.py","lineno":171,"name":"get_hook"},{"filename":"/home/airflow/.local/lib/python3.13/site-packages/airflow/sdk/bases/hook.py","lineno":61,"name":"get_connection"},{"filename":"/home/airflow/.local/lib/python3.13/site-packages/airflow/sdk/definitions/connection.py","lineno":250,"name":"get"},{"filename":"/home/airflow/.local/lib/python3.13/site-packages/airflow/sdk/execution_time/context.py","lineno":177,"name":"_get_connection"}],"is_group":false,"exceptions":[]}]}
{"timestamp":"2026-06-11T18:36:42.826199Z","level":"info","event":"Task instance in failure state","logger":"task.stdout"}
{"timestamp":"2026-06-11T18:36:42.828255Z","level":"info","event":"Task start","logger":"task.stdout"}
{"timestamp":"2026-06-11T18:36:42.828937Z","level":"info","event":"Task:<Task(SQLExecuteQueryOperator): schemas_creation>","logger":"task.stdout"}
{"timestamp":"2026-06-11T18:36:42.833654Z","level":"info","event":"Failure caused by The conn_id `dwh_postgres_conn` isn't defined","logger":"task.stdout"}
{"timestamp":"2026-06-11T18:43:13.029526Z","level":"info","event":"DAG bundles loaded: dags-folder, example_dags","logger":"airflow.dag_processing.bundles.manager.DagBundlesManager","filename":"manager.py","lineno":209}
{"timestamp":"2026-06-11T18:43:13.033057Z","level":"info","event":"Filling up the DagBag from /opt/airflow/dags/bronze_layer.py","logger":"airflow.dag_processing.dagbag.BundleDagBag","filename":"dagbag.py","lineno":469}
{"timestamp":"2026-06-11T18:43:13.487149Z","level":"info","event":"Task instance is in running state","logger":"task.stdout"}
{"timestamp":"2026-06-11T18:43:13.487437Z","level":"info","event":" Previous state of the Task instance: TaskInstanceState.QUEUED","logger":"task.stdout"}
{"timestamp":"2026-06-11T18:43:13.487813Z","level":"info","event":"Current task name:schemas_creation","logger":"task.stdout"}
{"timestamp":"2026-06-11T18:43:13.488100Z","level":"info","event":"Dag name:bronze_layer","logger":"task.stdout"}
{"timestamp":"2026-06-11T18:43:13.481463Z","level":"info","event":"Executing: CREATE SCHEMA IF NOT EXISTS bronze;\nCREATE SCHEMA IF NOT EXISTS silver;\nCREATE SCHEMA IF NOT EXISTS gold;","logger":"airflow.task.operators.airflow.providers.common.sql.operators.sql.SQLExecuteQueryOperator","filename":"sql.py","lineno":410}
{"timestamp":"2026-06-11T18:43:13.641401Z","level":"info","event":"Running statement: CREATE SCHEMA IF NOT EXISTS bronze;\nCREATE SCHEMA IF NOT EXISTS silver;\nCREATE SCHEMA IF NOT EXISTS gold;, parameters: None","logger":"airflow.task.hooks.airflow.providers.postgres.hooks.postgres.PostgresHook","filename":"sql.py","lineno":861}
{"timestamp":"2026-06-11T18:43:25.350867Z","level":"info","event":"Task instance in success state","logger":"task.stdout"}
{"timestamp":"2026-06-11T18:43:25.351234Z","level":"info","event":" Previous state of the Task instance: TaskInstanceState.RUNNING","logger":"task.stdout"}
{"timestamp":"2026-06-11T18:43:25.351572Z","level":"info","event":"Task operator:<Task(SQLExecuteQueryOperator): schemas_creation>","logger":"task.stdout"}
{"timestamp":"2026-06-11T19:33:24.170403Z","level":"info","event":"DAG bundles loaded: dags-folder, example_dags","logger":"airflow.dag_processing.bundles.manager.DagBundlesManager","filename":"manager.py","lineno":209}
{"timestamp":"2026-06-11T19:33:24.183565Z","level":"info","event":"Filling up the DagBag from /opt/airflow/dags/bronze_layer.py","logger":"airflow.dag_processing.dagbag.BundleDagBag","filename":"dagbag.py","lineno":469}
{"timestamp":"2026-06-11T19:33:25.745659Z","level":"info","event":"Task instance is in running state","logger":"task.stdout"}
{"timestamp":"2026-06-11T19:33:25.746104Z","level":"info","event":" Previous state of the Task instance: TaskInstanceState.QUEUED","logger":"task.stdout"}
{"timestamp":"2026-06-11T19:33:25.746311Z","level":"info","event":"Current task name:schemas_creation","logger":"task.stdout"}
{"timestamp":"2026-06-11T19:33:25.747393Z","level":"info","event":"Dag name:bronze_layer","logger":"task.stdout"}
{"timestamp":"2026-06-11T19:33:25.746608Z","level":"info","event":"Executing: CREATE SCHEMA IF NOT EXISTS bronze;\nCREATE SCHEMA IF NOT EXISTS silver;\nCREATE SCHEMA IF NOT EXISTS gold;","logger":"airflow.task.operators.airflow.providers.common.sql.operators.sql.SQLExecuteQueryOperator","filename":"sql.py","lineno":410}
{"timestamp":"2026-06-11T19:33:26.157195Z","level":"info","event":"Running statement: CREATE SCHEMA IF NOT EXISTS bronze;\nCREATE SCHEMA IF NOT EXISTS silver;\nCREATE SCHEMA IF NOT EXISTS gold;, parameters: None","logger":"airflow.task.hooks.airflow.providers.postgres.hooks.postgres.PostgresHook","filename":"sql.py","lineno":861}
{"timestamp":"2026-06-11T19:33:33.369154Z","level":"info","event":"Task instance in success state","logger":"task.stdout"}
{"timestamp":"2026-06-11T19:33:33.369954Z","level":"info","event":" Previous state of the Task instance: TaskInstanceState.RUNNING","logger":"task.stdout"}
{"timestamp":"2026-06-11T19:33:33.370433Z","level":"info","event":"Task operator:<Task(SQLExecuteQueryOperator): schemas_creation>","logger":"task.stdout"}
{"timestamp":"2026-06-11T19:35:47.539658Z","level":"info","event":"DAG bundles loaded: dags-folder, example_dags","logger":"airflow.dag_processing.bundles.manager.DagBundlesManager","filename":"manager.py","lineno":209}
{"timestamp":"2026-06-11T19:35:47.543342Z","level":"info","event":"Filling up the DagBag from /opt/airflow/dags/bronze_layer.py","logger":"airflow.dag_processing.dagbag.BundleDagBag","filename":"dagbag.py","lineno":469}
{"timestamp":"2026-06-11T19:35:48.322949Z","level":"info","event":"Task instance is in running state","logger":"task.stdout"}
{"timestamp":"2026-06-11T19:35:48.325376Z","level":"info","event":" Previous state of the Task instance: TaskInstanceState.QUEUED","logger":"task.stdout"}
{"timestamp":"2026-06-11T19:35:48.330817Z","level":"info","event":"Current task name:schemas_creation","logger":"task.stdout"}
{"timestamp":"2026-06-11T19:35:48.331306Z","level":"info","event":"Dag name:bronze_layer","logger":"task.stdout"}
{"timestamp":"2026-06-11T19:35:48.327139Z","level":"info","event":"Executing: CREATE SCHEMA IF NOT EXISTS bronze;\nCREATE SCHEMA IF NOT EXISTS silver;\nCREATE SCHEMA IF NOT EXISTS gold;","logger":"airflow.task.operators.airflow.providers.common.sql.operators.sql.SQLExecuteQueryOperator","filename":"sql.py","lineno":410}
{"timestamp":"2026-06-11T19:35:48.477224Z","level":"info","event":"Running statement: CREATE SCHEMA IF NOT EXISTS bronze;\nCREATE SCHEMA IF NOT EXISTS silver;\nCREATE SCHEMA IF NOT EXISTS gold;, parameters: None","logger":"airflow.task.hooks.airflow.providers.postgres.hooks.postgres.PostgresHook","filename":"sql.py","lineno":861}
{"timestamp":"2026-06-11T19:35:50.660104Z","level":"info","event":"Task instance in success state","logger":"task.stdout"}
{"timestamp":"2026-06-11T19:35:50.660406Z","level":"info","event":" Previous state of the Task instance: TaskInstanceState.RUNNING","logger":"task.stdout"}
{"timestamp":"2026-06-11T19:35:50.660827Z","level":"info","event":"Task operator:<Task(SQLExecuteQueryOperator): schemas_creation>","logger":"task.stdout"}
{"timestamp":"2026-06-11T19:38:08.792326Z","level":"info","event":"DAG bundles loaded: dags-folder, example_dags","logger":"airflow.dag_processing.bundles.manager.DagBundlesManager","filename":"manager.py","lineno":209}
{"timestamp":"2026-06-11T19:38:08.795081Z","level":"info","event":"Filling up the DagBag from /opt/airflow/dags/bronze_layer.py","logger":"airflow.dag_processing.dagbag.BundleDagBag","filename":"dagbag.py","lineno":469}
{"timestamp":"2026-06-11T19:38:09.173252Z","level":"info","event":"Task instance is in running state","logger":"task.stdout"}
{"timestamp":"2026-06-11T19:38:09.176988Z","level":"info","event":" Previous state of the Task instance: TaskInstanceState.QUEUED","logger":"task.stdout"}
{"timestamp":"2026-06-11T19:38:09.177336Z","level":"info","event":"Current task name:schemas_creation","logger":"task.stdout"}
{"timestamp":"2026-06-11T19:38:09.177571Z","level":"info","event":"Dag name:bronze_layer","logger":"task.stdout"}
{"timestamp":"2026-06-11T19:38:09.175179Z","level":"info","event":"Executing: CREATE SCHEMA IF NOT EXISTS bronze;\nCREATE SCHEMA IF NOT EXISTS silver;\nCREATE SCHEMA IF NOT EXISTS gold;","logger":"airflow.task.operators.airflow.providers.common.sql.operators.sql.SQLExecuteQueryOperator","filename":"sql.py","lineno":410}
{"timestamp":"2026-06-11T19:38:09.399453Z","level":"info","event":"Running statement: CREATE SCHEMA IF NOT EXISTS bronze;\nCREATE SCHEMA IF NOT EXISTS silver;\nCREATE SCHEMA IF NOT EXISTS gold;, parameters: None","logger":"airflow.task.hooks.airflow.providers.postgres.hooks.postgres.PostgresHook","filename":"sql.py","lineno":861}
{"timestamp":"2026-06-11T19:38:11.586557Z","level":"info","event":"Task instance in success state","logger":"task.stdout"}
{"timestamp":"2026-06-11T19:38:11.586863Z","level":"info","event":" Previous state of the Task instance: TaskInstanceState.RUNNING","logger":"task.stdout"}
{"timestamp":"2026-06-11T19:38:11.587096Z","level":"info","event":"Task operator:<Task(SQLExecuteQueryOperator): schemas_creation>","logger":"task.stdout"}
