{"timestamp":"2026-06-06T08:44:07.047159Z","level":"info","event":"DAG bundles loaded: dags-folder, example_dags","logger":"airflow.dag_processing.bundles.manager.DagBundlesManager","filename":"manager.py","lineno":209}
{"timestamp":"2026-06-06T08:44:07.057515Z","level":"info","event":"Filling up the DagBag from /opt/airflow/dags/bronze_layer.py","logger":"airflow.dag_processing.dagbag.BundleDagBag","filename":"dagbag.py","lineno":469}
{"timestamp":"2026-06-06T08:44:07.429465Z","level":"warning","event":"The `airflow.operators.python.PythonOperator` attribute is deprecated. Please use `'airflow.providers.standard.operators.python.PythonOperator'`.","category":"UserWarning","filename":"/opt/airflow/dags/bronze_layer.py","lineno":20,"logger":"py.warnings"}
{"timestamp":"2026-06-06T08:44:07.430487Z","level":"warning","event":"The `airflow.operators.python.BranchPythonOperator` attribute is deprecated. Please use `'airflow.providers.standard.operators.python.BranchPythonOperator'`.","category":"UserWarning","filename":"/opt/airflow/dags/bronze_layer.py","lineno":20,"logger":"py.warnings"}
{"timestamp":"2026-06-06T08:44:07.540273Z","level":"info","event":"Task instance is in running state","logger":"task.stdout"}
{"timestamp":"2026-06-06T08:44:07.540811Z","level":"info","event":" Previous state of the Task instance: TaskInstanceState.QUEUED","logger":"task.stdout"}
{"timestamp":"2026-06-06T08:44:07.541148Z","level":"info","event":"Current task name:ingestion_crm_source_tmp","logger":"task.stdout"}
{"timestamp":"2026-06-06T08:44:07.541508Z","level":"info","event":"Dag name:bronze_layer","logger":"task.stdout"}
{"timestamp":"2026-06-06T08:44:07.544882Z","level":"error","event":"Task failed with exception","logger":"task","filename":"task_runner.py","lineno":1347,"error_detail":[{"exc_type":"NameError","exc_value":"name '_ingesting_csv' is not defined","exc_notes":[],"syntax_error":null,"is_cause":false,"frames":[{"filename":"/home/airflow/.local/lib/python3.13/site-packages/airflow/sdk/execution_time/task_runner.py","lineno":1263,"name":"run"},{"filename":"/home/airflow/.local/lib/python3.13/site-packages/airflow/sdk/execution_time/task_runner.py","lineno":1678,"name":"_execute_task"},{"filename":"/home/airflow/.local/lib/python3.13/site-packages/airflow/sdk/bases/operator.py","lineno":443,"name":"wrapper"},{"filename":"/home/airflow/.local/lib/python3.13/site-packages/airflow/sdk/bases/decorator.py","lineno":398,"name":"execute"},{"filename":"/home/airflow/.local/lib/python3.13/site-packages/airflow/sdk/bases/operator.py","lineno":443,"name":"wrapper"},{"filename":"/home/airflow/.local/lib/python3.13/site-packages/airflow/providers/standard/operators/python.py","lineno":227,"name":"execute"},{"filename":"/home/airflow/.local/lib/python3.13/site-packages/airflow/providers/standard/operators/python.py","lineno":250,"name":"execute_callable"},{"filename":"/home/airflow/.local/lib/python3.13/site-packages/airflow/sdk/execution_time/callback_runner.py","lineno":97,"name":"run"},{"filename":"/opt/airflow/dags/bronze_layer.py","lineno":62,"name":"ingestion_crm_source"}],"is_group":false,"exceptions":[]}]}
{"timestamp":"2026-06-06T08:44:07.547961Z","level":"info","event":"Task instance in failure state","logger":"task.stdout"}
{"timestamp":"2026-06-06T08:44:07.549783Z","level":"info","event":"Task start","logger":"task.stdout"}
{"timestamp":"2026-06-06T08:44:07.555680Z","level":"info","event":"Task:<Task(_PythonDecoratedOperator): ingestion_crm_source_tmp>","logger":"task.stdout"}
{"timestamp":"2026-06-06T08:44:07.556283Z","level":"info","event":"Failure caused by name '_ingesting_csv' is not defined","logger":"task.stdout"}
{"timestamp":"2026-06-06T14:13:25.063797Z","level":"info","event":"DAG bundles loaded: dags-folder, example_dags","logger":"airflow.dag_processing.bundles.manager.DagBundlesManager","filename":"manager.py","lineno":209}
{"timestamp":"2026-06-06T14:13:25.065483Z","level":"info","event":"Filling up the DagBag from /opt/airflow/dags/bronze_layer.py","logger":"airflow.dag_processing.dagbag.BundleDagBag","filename":"dagbag.py","lineno":469}
{"timestamp":"2026-06-06T14:13:25.645104Z","level":"info","event":"Task instance is in running state","logger":"task.stdout"}
{"timestamp":"2026-06-06T14:13:25.645567Z","level":"info","event":" Previous state of the Task instance: TaskInstanceState.QUEUED","logger":"task.stdout"}
{"timestamp":"2026-06-06T14:13:25.645830Z","level":"info","event":"Current task name:ingestion_crm_source_tmp","logger":"task.stdout"}
{"timestamp":"2026-06-06T14:13:25.646052Z","level":"info","event":"Dag name:bronze_layer","logger":"task.stdout"}
{"timestamp":"2026-06-06T14:13:26.042936Z","level":"info","event":"Starting ingestion of cust_info.csv into bronze.crm_cust_info_tmp...","logger":"task.stdout"}
{"timestamp":"2026-06-06T14:13:26.389263Z","level":"info","event":"Ingestion of cust_info.csv into bronze.crm_cust_info_tmp completed successfully.","logger":"task.stdout"}
{"timestamp":"2026-06-06T14:13:26.384662Z","level":"info","event":"Done. Returned value was: None","logger":"airflow.task.operators.airflow.providers.standard.decorators.python._PythonDecoratedOperator","filename":"python.py","lineno":229}
{"timestamp":"2026-06-06T14:13:26.720937Z","level":"info","event":"Task instance in success state","logger":"task.stdout"}
{"timestamp":"2026-06-06T14:13:26.721482Z","level":"info","event":" Previous state of the Task instance: TaskInstanceState.RUNNING","logger":"task.stdout"}
{"timestamp":"2026-06-06T14:13:26.721849Z","level":"info","event":"Task operator:<Task(_PythonDecoratedOperator): ingestion_crm_source_tmp>","logger":"task.stdout"}
