{"timestamp":"2026-06-11T01:38:29.618575Z","level":"info","event":"DAG bundles loaded: dags-folder, example_dags","logger":"airflow.dag_processing.bundles.manager.DagBundlesManager","filename":"manager.py","lineno":209}
{"timestamp":"2026-06-11T01:38:29.626300Z","level":"info","event":"Filling up the DagBag from /opt/airflow/dags/bronze_layer.py","logger":"airflow.dag_processing.dagbag.BundleDagBag","filename":"dagbag.py","lineno":469}
{"timestamp":"2026-06-11T01:38:29.876729Z","level":"info","event":"Task instance is in running state","logger":"task.stdout"}
{"timestamp":"2026-06-11T01:38:29.877062Z","level":"info","event":" Previous state of the Task instance: TaskInstanceState.QUEUED","logger":"task.stdout"}
{"timestamp":"2026-06-11T01:38:29.877283Z","level":"info","event":"Current task name:merge_erp_source","logger":"task.stdout"}
{"timestamp":"2026-06-11T01:38:29.877440Z","level":"info","event":"Dag name:bronze_layer","logger":"task.stdout"}
{"timestamp":"2026-06-11T01:38:29.989910Z","level":"info","event":"Starting merging Stage from erp tmp tables into bronze layer tables...","logger":"task.stdout"}
{"timestamp":"2026-06-11T01:38:30.373208Z","level":"info","event":"Merging Stage from erp tmp tables into bronze layer tables completed successfully.","logger":"task.stdout"}
{"timestamp":"2026-06-11T01:38:30.374516Z","level":"info","event":"Done. Returned value was: None","logger":"airflow.task.operators.airflow.providers.standard.decorators.python._PythonDecoratedOperator","filename":"python.py","lineno":229}
{"timestamp":"2026-06-11T01:38:30.438803Z","level":"info","event":"Task instance in success state","logger":"task.stdout"}
{"timestamp":"2026-06-11T01:38:30.439044Z","level":"info","event":" Previous state of the Task instance: TaskInstanceState.RUNNING","logger":"task.stdout"}
{"timestamp":"2026-06-11T01:38:30.439916Z","level":"info","event":"Task operator:<Task(_PythonDecoratedOperator): merge_erp_source>","logger":"task.stdout"}
{"timestamp":"2026-06-11T18:43:37.273793Z","level":"info","event":"DAG bundles loaded: dags-folder, example_dags","logger":"airflow.dag_processing.bundles.manager.DagBundlesManager","filename":"manager.py","lineno":209}
{"timestamp":"2026-06-11T18:43:37.276010Z","level":"info","event":"Filling up the DagBag from /opt/airflow/dags/bronze_layer.py","logger":"airflow.dag_processing.dagbag.BundleDagBag","filename":"dagbag.py","lineno":469}
{"timestamp":"2026-06-11T18:43:37.512956Z","level":"info","event":"Task instance is in running state","logger":"task.stdout"}
{"timestamp":"2026-06-11T18:43:37.513330Z","level":"info","event":" Previous state of the Task instance: TaskInstanceState.QUEUED","logger":"task.stdout"}
{"timestamp":"2026-06-11T18:43:37.513558Z","level":"info","event":"Current task name:merge_erp_source","logger":"task.stdout"}
{"timestamp":"2026-06-11T18:43:37.513731Z","level":"info","event":"Dag name:bronze_layer","logger":"task.stdout"}
{"timestamp":"2026-06-11T18:43:37.592705Z","level":"info","event":"Starting merging Stage from erp tmp tables into bronze layer tables...","logger":"task.stdout"}
{"timestamp":"2026-06-11T18:43:37.609233Z","level":"info","event":"Merging Stage from erp tmp tables into bronze layer tables completed successfully.","logger":"task.stdout"}
{"timestamp":"2026-06-11T18:43:37.618729Z","level":"info","event":"Done. Returned value was: None","logger":"airflow.task.operators.airflow.providers.standard.decorators.python._PythonDecoratedOperator","filename":"python.py","lineno":229}
{"timestamp":"2026-06-11T18:43:37.735152Z","level":"info","event":"Task instance in success state","logger":"task.stdout"}
{"timestamp":"2026-06-11T18:43:37.735453Z","level":"info","event":" Previous state of the Task instance: TaskInstanceState.RUNNING","logger":"task.stdout"}
{"timestamp":"2026-06-11T18:43:37.735757Z","level":"info","event":"Task operator:<Task(_PythonDecoratedOperator): merge_erp_source>","logger":"task.stdout"}
{"timestamp":"2026-06-11T19:33:25.400274Z","level":"info","event":"DAG bundles loaded: dags-folder, example_dags","logger":"airflow.dag_processing.bundles.manager.DagBundlesManager","filename":"manager.py","lineno":209}
{"timestamp":"2026-06-11T19:33:25.425766Z","level":"info","event":"Filling up the DagBag from /opt/airflow/dags/bronze_layer.py","logger":"airflow.dag_processing.dagbag.BundleDagBag","filename":"dagbag.py","lineno":469}
{"timestamp":"2026-06-11T19:33:26.374848Z","level":"info","event":"Task instance is in running state","logger":"task.stdout"}
{"timestamp":"2026-06-11T19:33:26.378136Z","level":"info","event":" Previous state of the Task instance: TaskInstanceState.QUEUED","logger":"task.stdout"}
{"timestamp":"2026-06-11T19:33:26.378555Z","level":"info","event":"Current task name:merge_erp_source","logger":"task.stdout"}
{"timestamp":"2026-06-11T19:33:26.378886Z","level":"info","event":"Dag name:bronze_layer","logger":"task.stdout"}
{"timestamp":"2026-06-11T19:33:26.666841Z","level":"info","event":"Starting merging Stage from erp tmp tables into bronze layer tables...","logger":"task.stdout"}
{"timestamp":"2026-06-11T19:33:26.768160Z","level":"info","event":"Merging Stage from erp tmp tables into bronze layer tables completed successfully.","logger":"task.stdout"}
{"timestamp":"2026-06-11T19:33:26.770235Z","level":"info","event":"Done. Returned value was: None","logger":"airflow.task.operators.airflow.providers.standard.decorators.python._PythonDecoratedOperator","filename":"python.py","lineno":229}
{"timestamp":"2026-06-11T19:33:27.261726Z","level":"info","event":"Task instance in success state","logger":"task.stdout"}
{"timestamp":"2026-06-11T19:33:27.262086Z","level":"info","event":" Previous state of the Task instance: TaskInstanceState.RUNNING","logger":"task.stdout"}
{"timestamp":"2026-06-11T19:33:27.262252Z","level":"info","event":"Task operator:<Task(_PythonDecoratedOperator): merge_erp_source>","logger":"task.stdout"}
{"timestamp":"2026-06-11T19:35:47.090950Z","level":"info","event":"DAG bundles loaded: dags-folder, example_dags","logger":"airflow.dag_processing.bundles.manager.DagBundlesManager","filename":"manager.py","lineno":209}
{"timestamp":"2026-06-11T19:35:47.093214Z","level":"info","event":"Filling up the DagBag from /opt/airflow/dags/bronze_layer.py","logger":"airflow.dag_processing.dagbag.BundleDagBag","filename":"dagbag.py","lineno":469}
{"timestamp":"2026-06-11T19:35:47.620809Z","level":"info","event":"Task instance is in running state","logger":"task.stdout"}
{"timestamp":"2026-06-11T19:35:47.621089Z","level":"info","event":" Previous state of the Task instance: TaskInstanceState.QUEUED","logger":"task.stdout"}
{"timestamp":"2026-06-11T19:35:47.621247Z","level":"info","event":"Current task name:merge_erp_source","logger":"task.stdout"}
{"timestamp":"2026-06-11T19:35:47.621403Z","level":"info","event":"Dag name:bronze_layer","logger":"task.stdout"}
{"timestamp":"2026-06-11T19:35:48.160975Z","level":"info","event":"Starting merging Stage from erp tmp tables into bronze layer tables...","logger":"task.stdout"}
{"timestamp":"2026-06-11T19:35:48.212590Z","level":"info","event":"Merging Stage from erp tmp tables into bronze layer tables completed successfully.","logger":"task.stdout"}
{"timestamp":"2026-06-11T19:35:48.211495Z","level":"info","event":"Done. Returned value was: None","logger":"airflow.task.operators.airflow.providers.standard.decorators.python._PythonDecoratedOperator","filename":"python.py","lineno":229}
{"timestamp":"2026-06-11T19:35:48.399373Z","level":"info","event":"Task instance in success state","logger":"task.stdout"}
{"timestamp":"2026-06-11T19:35:48.399849Z","level":"info","event":" Previous state of the Task instance: TaskInstanceState.RUNNING","logger":"task.stdout"}
{"timestamp":"2026-06-11T19:35:48.401876Z","level":"info","event":"Task operator:<Task(_PythonDecoratedOperator): merge_erp_source>","logger":"task.stdout"}
